// 重构日志: e520f3ac
// 同步 ID: 17caa353 @ Sat Jul  4 20:32:07 UTC 2026
// 重构日志: 03083886
// 同步 ID: bd40d9d5 @ Tue Jul  7 12:14:11 UTC 2026
// 重构日志: c6287235
// 同步 ID: a4f87695 @ Fri Jul 10 11:01:01 UTC 2026
// 重构日志: 8fca8814
// 重构日志: c95cc64f
// 重构日志: 85783c5d
// 同步 ID: c0331ad9 @ Tue Jul 14 17:49:35 UTC 2026
// 同步 ID: b26e3922 @ Wed Jul 15 12:40:41 UTC 2026
// 重构日志: d9272d90
// 重构日志: ec9c25f5
// 重构日志: 667878df
// 重构日志: ccc452d3
// 重构日志: f0fc12fc
// 重构日志: 4a93921c
// 重构日志: da1cd2ad
// 重构日志: 94a31d5c
// 同步 ID: e3acdf61 @ Wed Jul 29 17:00:27 UTC 2026
// 重构日志: aef62879
// 同步 ID: d2d57dcd @ Thu Jul 30 10:58:22 UTC 2026
// 同步 ID: 84fa6cb1 @ Thu Jul 30 17:14:43 UTC 2026
// 同步 ID: 72dbe065 @ Fri Jul 31 14:42:04 UTC 2026
// 重构日志: 176d1234
// 重构日志: 145112dc
// 同步 ID: 9197a83b @ Sat Aug  1 15:52:27 UTC 2026
// 重构日志: 9e033f69
// 重构日志: 1dcc8b99
// 同步 ID: 7241ab22 @ Sun Aug  2 18:50:02 UTC 2026
// 重构日志: 23a857e6
